%!Adobe-FontList 1.22
%Locale:0x404

%BeginFont
Handler:DirectoryHandler
FontType:TrueType
FontName:Balloons-Normal
FamilyName:Balloons
StyleName:Normal
FullName:Balloons Normal
MenuName:Balloons
StyleBits:0
WritingScript:Roman
OutlineFileName:E:\programing\MFEE17_Class\02_cssLearning\Font\BALLOONS.TTF
DataFormat:sfntData
hasSVG:no
VariableFontType:NonVariableFont
FileLength:37628
FileModTime:1621257124
WeightClass:400
WidthClass:5
AngleClass:0
NameArray:0,Mac,4,Balloons Normal
NameArray:0,Win,1,Balloons
%EndFont

%BeginFont
Handler:DirectoryHandler
FontType:Invalid
OutlineFileName:E:\programing\MFEE17_Class\02_cssLearning\Font\fontawesome-free-5.0.1\LICENSE.txt
FileModTime:1621257124
%EndFont

%BeginFont
Handler:DirectoryHandler
FontType:Invalid
OutlineFileName:E:\programing\MFEE17_Class\02_cssLearning\Font\fontawesome-free-5.0.1\README.md
FileModTime:1621257124
%EndFont

%BeginFont
Handler:DirectoryHandler
FontType:Type1
FontName:FontAwesome5BrandsRegular
FamilyName:Font Awesome 5 Brands
StyleName:Regular
FullName:Font Awesome 5 Brands Regular
MenuName:Font Awesome 5 Brands Regular
StyleBits:0
WritingScript:Roman
OutlineFileName:E:\programing\MFEE17_Class\02_cssLearning\Font\fontawesome-free-5.0.1\use-on-desktop\Font Awesome 5 Brands-Regular-400.otf
DataFormat:sfntData
UsesStandardEncoding:yes
isCFF:yes
hasSVG:no
VariableFontType:NonVariableFont
FileLength:329300
FileModTime:1621257125
WeightClass:400
WidthClass:5
AngleClass:0
NameArray:0,Mac,18,Font Awesome 5 Brands Regular
NameArray:0,Mac,4,Font Awesome 5 Brands Regular
NameArray:0,Win,1,Font Awesome 5 Brands Regular
NameArray:0,Win,16,Font Awesome 5 Brands
%EndFont

%BeginFont
Handler:DirectoryHandler
FontType:Type1
FontName:FontAwesome5FreeRegular
FamilyName:Font Awesome 5 Free
StyleName:Regular
FullName:Font Awesome 5 Free Regular
MenuName:Font Awesome 5 Free Regular
StyleBits:0
WritingScript:Roman
OutlineFileName:E:\programing\MFEE17_Class\02_cssLearning\Font\fontawesome-free-5.0.1\use-on-desktop\Font Awesome 5 Free-Regular-400.otf
DataFormat:sfntData
UsesStandardEncoding:yes
isCFF:yes
hasSVG:no
VariableFontType:NonVariableFont
FileLength:102604
FileModTime:1621257125
WeightClass:400
WidthClass:5
AngleClass:0
NameArray:0,Mac,18,Font Awesome 5 Free Regular
NameArray:0,Mac,4,Font Awesome 5 Free Regular
NameArray:0,Win,1,Font Awesome 5 Free Regular
NameArray:0,Win,16,Font Awesome 5 Free
%EndFont

%BeginFont
Handler:DirectoryHandler
FontType:Type1
FontName:FontAwesome5FreeSolid
FamilyName:Font Awesome 5 Free
StyleName:Solid
FullName:Font Awesome 5 Free Solid
MenuName:Font Awesome 5 Free Solid
StyleBits:0
WritingScript:Roman
OutlineFileName:E:\programing\MFEE17_Class\02_cssLearning\Font\fontawesome-free-5.0.1\use-on-desktop\Font Awesome 5 Free-Solid-900.otf
DataFormat:sfntData
UsesStandardEncoding:yes
isCFF:yes
hasSVG:no
VariableFontType:NonVariableFont
FileLength:314844
FileModTime:1621257125
WeightClass:400
WidthClass:5
AngleClass:0
NameArray:0,Mac,18,Font Awesome 5 Free Solid
NameArray:0,Mac,4,Font Awesome 5 Free Solid
NameArray:0,Win,1,Font Awesome 5 Free Solid
NameArray:0,Win,16,Font Awesome 5 Free
%EndFont

%BeginFont
Handler:DirectoryHandler
FontType:Invalid
OutlineFileName:E:\programing\MFEE17_Class\02_cssLearning\Font\fontawesome-free-5.0.1\web-fonts-with-css\index.html
FileModTime:1621257125
%EndFont

